[INFO] Scanning for projects...
[INFO] 
[INFO] ------------------< com.example:RestaurantManagement >------------------
[INFO] Building RestaurantManagement 0.0.1-SNAPSHOT
[INFO]   from pom.xml
[INFO] --------------------------------[ jar ]---------------------------------
[INFO] 
[INFO] --- resources:3.3.1:resources (default-resources) @ RestaurantManagement ---
[INFO] Copying 1 resource from src\main\resources to target\classes
[INFO] Copying 1 resource from src\main\resources to target\classes
[INFO] 
[INFO] --- compiler:3.13.0:compile (default-compile) @ RestaurantManagement ---
[INFO] Nothing to compile - all classes are up to date.
[INFO] 
[INFO] --- resources:3.3.1:testResources (default-testResources) @ RestaurantManagement ---
[INFO] skip non existing resourceDirectory C:\Users\Administrator\Desktop\quanlynhahang2\Restaurant-management\src\test\resources
[INFO] 
[INFO] --- compiler:3.13.0:testCompile (default-testCompile) @ RestaurantManagement ---
[INFO] Nothing to compile - all classes are up to date.
[INFO] 
[INFO] --- surefire:3.5.2:test (default-test) @ RestaurantManagement ---
[INFO] Using auto detected provider org.apache.maven.surefire.junitplatform.JUnitPlatformProvider
[INFO] 
[INFO] -------------------------------------------------------
[INFO]  T E S T S
[INFO] -------------------------------------------------------
[INFO] Running com.example.restaurantmanagement.RestaurantManagementApplicationTests
00:59:22.905 [main] INFO org.springframework.test.context.support.AnnotationConfigContextLoaderUtils -- Could not detect default configuration classes for test class [com.example.restaurantmanagement.RestaurantManagementApplicationTests]: RestaurantManagementApplicationTests does not declare any static, non-private, non-final, nested classes annotated with @Configuration.
00:59:23.000 [main] INFO org.springframework.boot.test.context.SpringBootTestContextBootstrapper -- Found @SpringBootConfiguration com.example.restaurantmanagement.RestaurantManagementApplication for test class com.example.restaurantmanagement.RestaurantManagementApplicationTests
00:59:23.139 [main] INFO org.springframework.boot.devtools.restart.RestartApplicationListener -- Restart disabled due to context in which it is running

  .   ____          _            __ _ _
 /\\ / ___'_ __ _ _(_)_ __  __ _ \ \ \ \
( ( )\___ | '_ | '_| | '_ \/ _` | \ \ \ \
 \\/  ___)| |_)| | | | | || (_| |  ) ) ) )
  '  |____| .__|_| |_|_| |_\__, | / / / /
 =========|_|==============|___/=/_/_/_/

 :: Spring Boot ::                (v3.4.3)

2026-03-18T00:59:23.402+07:00  INFO 38224 --- [           main] e.r.RestaurantManagementApplicationTests : Starting RestaurantManagementApplicationTests using Java 21.0.7 with PID 38224 (started by Administrator in C:\Users\Administrator\Desktop\quanlynhahang2\Restaurant-management)
2026-03-18T00:59:23.403+07:00  INFO 38224 --- [           main] e.r.RestaurantManagementApplicationTests : No active profile set, falling back to 1 default profile: "default"
2026-03-18T00:59:24.330+07:00  INFO 38224 --- [           main] .s.d.r.c.RepositoryConfigurationDelegate : Bootstrapping Spring Data JPA repositories in DEFAULT mode.
2026-03-18T00:59:24.431+07:00  INFO 38224 --- [           main] .s.d.r.c.RepositoryConfigurationDelegate : Finished Spring Data repository scanning in 87 ms. Found 13 JPA repository interfaces.
2026-03-18T00:59:25.072+07:00  INFO 38224 --- [           main] com.zaxxer.hikari.HikariDataSource       : HikariPool-1 - Starting...
2026-03-18T00:59:26.985+07:00  INFO 38224 --- [           main] com.zaxxer.hikari.pool.HikariPool        : HikariPool-1 - Added connection org.postgresql.jdbc.PgConnection@2ae5bd34
2026-03-18T00:59:26.986+07:00  INFO 38224 --- [           main] com.zaxxer.hikari.HikariDataSource       : HikariPool-1 - Start completed.
2026-03-18T00:59:27.043+07:00  INFO 38224 --- [           main] o.hibernate.jpa.internal.util.LogHelper  : HHH000204: Processing PersistenceUnitInfo [name: default]
2026-03-18T00:59:27.099+07:00  INFO 38224 --- [           main] org.hibernate.Version                    : HHH000412: Hibernate ORM core version 6.6.8.Final
2026-03-18T00:59:27.136+07:00  INFO 38224 --- [           main] o.h.c.internal.RegionFactoryInitiator    : HHH000026: Second-level cache disabled
2026-03-18T00:59:27.408+07:00  INFO 38224 --- [           main] o.s.o.j.p.SpringPersistenceUnitInfo      : No LoadTimeWeaver setup: ignoring JPA class transformer
2026-03-18T00:59:28.087+07:00  INFO 38224 --- [           main] org.hibernate.orm.connections.pooling    : HHH10001005: Database info:
	Database JDBC URL [Connecting through datasource 'HikariDataSource (HikariPool-1)']
	Database driver: undefined/unknown
	Database version: 17.6
	Autocommit mode: undefined/unknown
	Isolation level: undefined/unknown
	Minimum pool size: undefined/unknown
	Maximum pool size: undefined/unknown
2026-03-18T00:59:29.041+07:00  INFO 38224 --- [           main] o.h.e.t.j.p.i.JtaPlatformInitiator       : HHH000489: No JTA platform available (set 'hibernate.transaction.jta.platform' to enable JTA platform integration)
2026-03-18T00:59:29.043+07:00  INFO 38224 --- [           main] j.LocalContainerEntityManagerFactoryBean : Initialized JPA EntityManagerFactory for persistence unit 'default'
2026-03-18T00:59:29.562+07:00  INFO 38224 --- [           main] eAuthenticationProviderManagerConfigurer : Global AuthenticationManager configured with AuthenticationProvider bean with name authenticationProvider
2026-03-18T00:59:29.563+07:00  WARN 38224 --- [           main] r$InitializeUserDetailsManagerConfigurer : Global AuthenticationManager configured with an AuthenticationProvider bean. UserDetailsService beans will not be used by Spring Security for automatically configuring username/password login. Consider removing the AuthenticationProvider bean. Alternatively, consider using the UserDetailsService in a manually instantiated DaoAuthenticationProvider. If the current configuration is intentional, to turn off this warning, increase the logging level of 'org.springframework.security.config.annotation.authentication.configuration.InitializeUserDetailsBeanManagerConfigurer' to ERROR
2026-03-18T00:59:31.097+07:00  INFO 38224 --- [           main] e.r.RestaurantManagementApplicationTests : Started RestaurantManagementApplicationTests in 7.968 seconds (process running for 8.78)
Hibernate: 
    select
        u1_0.nguoi_dung_id 
    from
        nguoi_dung u1_0 
    where
        u1_0.ten_dang_nhap=? 
    fetch
        first ? rows only
Hibernate: 
    select
        u1_0.nguoi_dung_id 
    from
        nguoi_dung u1_0 
    where
        u1_0.ten_dang_nhap=? 
    fetch
        first ? rows only
[INFO] Tests run: 1, Failures: 0, Errors: 0, Skipped: 0, Time elapsed: 9.241 s -- in com.example.restaurantmanagement.RestaurantManagementApplicationTests
[INFO] Running com.example.restaurantmanagement.service.impl.AuthServiceImplTest
[INFO] Tests run: 3, Failures: 0, Errors: 0, Skipped: 0, Time elapsed: 0.723 s -- in com.example.restaurantmanagement.service.impl.AuthServiceImplTest
[INFO] Running com.example.restaurantmanagement.service.impl.OrderServiceImplTest
[ERROR] Tests run: 3, Failures: 0, Errors: 3, Skipped: 0, Time elapsed: 0.392 s <<< FAILURE! -- in com.example.restaurantmanagement.service.impl.OrderServiceImplTest
[ERROR] com.example.restaurantmanagement.service.impl.OrderServiceImplTest.updateOrderStatus_Success -- Time elapsed: 0.363 s <<< ERROR!
java.lang.Error: 
Unresolved compilation problem: 
	The method setId(Integer) in the type MenuItem is not applicable for the arguments (long)

	at com.example.restaurantmanagement.service.impl.OrderServiceImplTest.setUp(OrderServiceImplTest.java:71)
	at java.base/java.lang.reflect.Method.invoke(Method.java:580)
	at java.base/java.util.ArrayList.forEach(ArrayList.java:1596)
	at java.base/java.util.ArrayList.forEach(ArrayList.java:1596)

[ERROR] com.example.restaurantmanagement.service.impl.OrderServiceImplTest.createOrder_Success -- Time elapsed: 0.006 s <<< ERROR!
java.lang.Error: 
Unresolved compilation problem: 
	The method setId(Integer) in the type MenuItem is not applicable for the arguments (long)

	at com.example.restaurantmanagement.service.impl.OrderServiceImplTest.setUp(OrderServiceImplTest.java:71)
	at java.base/java.lang.reflect.Method.invoke(Method.java:580)
	at java.base/java.util.ArrayList.forEach(ArrayList.java:1596)
	at java.base/java.util.ArrayList.forEach(ArrayList.java:1596)

[ERROR] com.example.restaurantmanagement.service.impl.OrderServiceImplTest.createOrder_ThrowsInvoiceNotFound -- Time elapsed: 0.005 s <<< ERROR!
java.lang.Error: 
Unresolved compilation problem: 
	The method setId(Integer) in the type MenuItem is not applicable for the arguments (long)

	at com.example.restaurantmanagement.service.impl.OrderServiceImplTest.setUp(OrderServiceImplTest.java:71)
	at java.base/java.lang.reflect.Method.invoke(Method.java:580)
	at java.base/java.util.ArrayList.forEach(ArrayList.java:1596)
	at java.base/java.util.ArrayList.forEach(ArrayList.java:1596)

[INFO] Running com.example.restaurantmanagement.service.impl.PaymentServiceImplTest
[ERROR] Tests run: 3, Failures: 0, Errors: 2, Skipped: 0, Time elapsed: 0.149 s <<< FAILURE! -- in com.example.restaurantmanagement.service.impl.PaymentServiceImplTest
[ERROR] com.example.restaurantmanagement.service.impl.PaymentServiceImplTest.createPayment_ThrowsBadRequestWhenCancelled -- Time elapsed: 0.131 s <<< ERROR!
org.mockito.exceptions.misusing.UnnecessaryStubbingException: 

Unnecessary stubbings detected.
Clean & maintainable test code requires zero unnecessary code.
Following stubbings are unnecessary (click to navigate to relevant line of code):
  1. -> at com.example.restaurantmanagement.service.impl.PaymentServiceImplTest.setupSecurityContext(PaymentServiceImplTest.java:65)
  2. -> at com.example.restaurantmanagement.service.impl.PaymentServiceImplTest.setupSecurityContext(PaymentServiceImplTest.java:66)
Please remove unnecessary stubbings or use 'lenient' strictness. More info: javadoc for UnnecessaryStubbingException class.
	at org.mockito.junit.jupiter.MockitoExtension.afterEach(MockitoExtension.java:197)
	at java.base/java.util.ArrayList.forEach(ArrayList.java:1596)
	at java.base/java.util.ArrayList.forEach(ArrayList.java:1596)

[ERROR] com.example.restaurantmanagement.service.impl.PaymentServiceImplTest.createPayment_ThrowsBadRequestWhenAlreadyPaid -- Time elapsed: 0.007 s <<< ERROR!
org.mockito.exceptions.misusing.UnnecessaryStubbingException: 

Unnecessary stubbings detected.
Clean & maintainable test code requires zero unnecessary code.
Following stubbings are unnecessary (click to navigate to relevant line of code):
  1. -> at com.example.restaurantmanagement.service.impl.PaymentServiceImplTest.setupSecurityContext(PaymentServiceImplTest.java:65)
  2. -> at com.example.restaurantmanagement.service.impl.PaymentServiceImplTest.setupSecurityContext(PaymentServiceImplTest.java:66)
Please remove unnecessary stubbings or use 'lenient' strictness. More info: javadoc for UnnecessaryStubbingException class.
	at org.mockito.junit.jupiter.MockitoExtension.afterEach(MockitoExtension.java:197)
	at java.base/java.util.ArrayList.forEach(ArrayList.java:1596)
	at java.base/java.util.ArrayList.forEach(ArrayList.java:1596)

[INFO] Running com.example.restaurantmanagement.service.impl.ReservationServiceImplTest
[ERROR] Tests run: 3, Failures: 0, Errors: 3, Skipped: 0, Time elapsed: 0.174 s <<< FAILURE! -- in com.example.restaurantmanagement.service.impl.ReservationServiceImplTest
[ERROR] com.example.restaurantmanagement.service.impl.ReservationServiceImplTest.createReservation_Success -- Time elapsed: 0.164 s <<< ERROR!
java.lang.Error: 
Unresolved compilation problem: 
	The method setId(Integer) in the type RestaurantTable is not applicable for the arguments (long)

	at com.example.restaurantmanagement.service.impl.ReservationServiceImplTest.setUp(ReservationServiceImplTest.java:62)
	at java.base/java.lang.reflect.Method.invoke(Method.java:580)
	at java.base/java.util.ArrayList.forEach(ArrayList.java:1596)
	at java.base/java.util.ArrayList.forEach(ArrayList.java:1596)

[ERROR] com.example.restaurantmanagement.service.impl.ReservationServiceImplTest.createReservation_ThrowsBadRequestWhenCapacityExceeded -- Time elapsed: 0.002 s <<< ERROR!
java.lang.Error: 
Unresolved compilation problem: 
	The method setId(Integer) in the type RestaurantTable is not applicable for the arguments (long)

	at com.example.restaurantmanagement.service.impl.ReservationServiceImplTest.setUp(ReservationServiceImplTest.java:62)
	at java.base/java.lang.reflect.Method.invoke(Method.java:580)
	at java.base/java.util.ArrayList.forEach(ArrayList.java:1596)
	at java.base/java.util.ArrayList.forEach(ArrayList.java:1596)

[ERROR] com.example.restaurantmanagement.service.impl.ReservationServiceImplTest.updateReservationStatus_Success -- Time elapsed: 0.004 s <<< ERROR!
java.lang.Error: 
Unresolved compilation problem: 
	The method setId(Integer) in the type RestaurantTable is not applicable for the arguments (long)

	at com.example.restaurantmanagement.service.impl.ReservationServiceImplTest.setUp(ReservationServiceImplTest.java:62)
	at java.base/java.lang.reflect.Method.invoke(Method.java:580)
	at java.base/java.util.ArrayList.forEach(ArrayList.java:1596)
	at java.base/java.util.ArrayList.forEach(ArrayList.java:1596)

[INFO] 
[INFO] Results:
[INFO] 
[ERROR] Errors: 
[ERROR]   OrderServiceImplTest.setUp:71  Unresolved compilation problem: 
	The method setId(Integer) in the type MenuItem is not applicable for the arguments (long)

[ERROR]   OrderServiceImplTest.setUp:71  Unresolved compilation problem: 
	The method setId(Integer) in the type MenuItem is not applicable for the arguments (long)

[ERROR]   OrderServiceImplTest.setUp:71  Unresolved compilation problem: 
	The method setId(Integer) in the type MenuItem is not applicable for the arguments (long)

[ERROR]   PaymentServiceImplTest.createPayment_ThrowsBadRequestWhenAlreadyPaid » UnnecessaryStubbing 
Unnecessary stubbings detected.
Clean & maintainable test code requires zero unnecessary code.
Following stubbings are unnecessary (click to navigate to relevant line of code):
  1. -> at com.example.restaurantmanagement.service.impl.PaymentServiceImplTest.setupSecurityContext(PaymentServiceImplTest.java:65)
  2. -> at com.example.restaurantmanagement.service.impl.PaymentServiceImplTest.setupSecurityContext(PaymentServiceImplTest.java:66)
Please remove unnecessary stubbings or use 'lenient' strictness. More info: javadoc for UnnecessaryStubbingException class.
[ERROR]   PaymentServiceImplTest.createPayment_ThrowsBadRequestWhenCancelled » UnnecessaryStubbing 
Unnecessary stubbings detected.
Clean & maintainable test code requires zero unnecessary code.
Following stubbings are unnecessary (click to navigate to relevant line of code):
  1. -> at com.example.restaurantmanagement.service.impl.PaymentServiceImplTest.setupSecurityContext(PaymentServiceImplTest.java:65)
  2. -> at com.example.restaurantmanagement.service.impl.PaymentServiceImplTest.setupSecurityContext(PaymentServiceImplTest.java:66)
Please remove unnecessary stubbings or use 'lenient' strictness. More info: javadoc for UnnecessaryStubbingException class.
[ERROR]   ReservationServiceImplTest.setUp:62  Unresolved compilation problem: 
	The method setId(Integer) in the type RestaurantTable is not applicable for the arguments (long)

[ERROR]   ReservationServiceImplTest.setUp:62  Unresolved compilation problem: 
	The method setId(Integer) in the type RestaurantTable is not applicable for the arguments (long)

[ERROR]   ReservationServiceImplTest.setUp:62  Unresolved compilation problem: 
	The method setId(Integer) in the type RestaurantTable is not applicable for the arguments (long)

[INFO] 
[ERROR] Tests run: 13, Failures: 0, Errors: 8, Skipped: 0
[INFO] 
[INFO] ------------------------------------------------------------------------
[INFO] BUILD FAILURE
[INFO] ------------------------------------------------------------------------
[INFO] Total time:  13.845 s
[INFO] Finished at: 2026-03-18T00:59:34+07:00
[INFO] ------------------------------------------------------------------------
[ERROR] Failed to execute goal org.apache.maven.plugins:maven-surefire-plugin:3.5.2:test (default-test) on project RestaurantManagement: 
[ERROR] 
[ERROR] See C:\Users\Administrator\Desktop\quanlynhahang2\Restaurant-management\target\surefire-reports for the individual test results.
[ERROR] See dump files (if any exist) [date].dump, [date]-jvmRun[N].dump and [date].dumpstream.
[ERROR] -> [Help 1]
[ERROR] 
[ERROR] To see the full stack trace of the errors, re-run Maven with the -e switch.
[ERROR] Re-run Maven using the -X switch to enable full debug logging.
[ERROR] 
[ERROR] For more information about the errors and possible solutions, please read the following articles:
[ERROR] [Help 1] http://cwiki.apache.org/confluence/display/MAVEN/MojoFailureException
